// Vitest Snapshot v1, https://vitest.dev/guide/snapshot.html

exports[`timeselect props test 1`] = `"<div><div class="nut-overlay" style="--nutui-overlay-zIndex: 1000;"></div><div style="z-index: 1000;" class="nut-popup nut-popup-round nut-popup-bottom"><div class="nut-popup-title"><div class="nut-popup-title-wrapper"><div class="nut-popup-title-title">取件时间</div></div><div class="nut-popup-title-right nut-popup-title-right-top-right"><svg class="nut-icon nut-icon-Close " xmlns="http://www.w3.org/2000/svg" viewBox="0 0 1024 1024" aria-labelledby="Close" role="presentation"><path d="m512 557.23 279.25 279.25c4.27 4.27 10.88 4.27 14.94 0l30.29-30.29c4.27-4.27 4.27-10.88 0-14.94L557.23 512l279.25-279.25c4.27-4.27 4.27-10.88 0-14.94l-30.29-30.29c-4.27-4.27-10.88-4.27-14.94 0L512 466.77 232.75 187.52c-4.27-4.27-10.88-4.27-14.94 0l-30.29 30.29c-4.27 4.27-4.27 10.88 0 14.94L466.77 512 187.52 791.25c-4.27 4.27-4.27 10.88 0 14.94l30.29 30.29c4.27 4.27 10.88 4.27 14.94 0z" fill="currentColor"></path></svg></div></div><div class="nut-timeselect"><div class="nut-timeselect-content"><div class="nut-timeselect-content-left"><div class="nut-timepannel active">520</div><div class="nut-timepannel">521</div></div><div class="nut-timedetail"><span class="nut-timedetail-item">09:00-10:00</span><span class="nut-timedetail-item">10:00-11:00</span><span class="nut-timedetail-item">11:00-12:00</span></div></div></div></div></div>"`;
