// Vitest Snapshot v1, https://vitest.dev/guide/snapshot.html

exports[`should match snapshot 1`] = `
<DocumentFragment>
  <div
    class="nut-checkbox nut-checkbox-reverse"
  >
    <svg
      aria-labelledby="Checked"
      class="nut-icon nut-icon-Checked nut-checkbox-icon nut-checkbox-icon-checked"
      role="presentation"
      viewBox="0 0 16 16"
      xmlns="http://www.w3.org/2000/svg"
    >
      <path
        d="M8 16A8 8 0 1 0 8 0a8 8 0 0 0 0 16m4.325-10.117-5.318 5.362-3.332-3.36a.25.25 0 0 1 0-.351l.701-.707a.25.25 0 0 1 .355 0L7.007 9.12l4.262-4.297a.25.25 0 0 1 .355 0l.701.707a.25.25 0 0 1 0 .352"
        fill="currentColor"
      />
    </svg>
    <span
      class="nut-checkbox-label "
    >
      复选框
    </span>
  </div>
</DocumentFragment>
`;
