// Vitest Snapshot v1, https://vitest.dev/guide/snapshot.html

exports[`backtop custom test 1`] = `
<div>
  <div
    class="nut-hoverbutton-container nut-backtop custom-class"
    style="z-index: 900; bottom: 110px; right: 10px;"
  >
    <div
      class="nut-hoverbutton"
    >
      <div
        class="nut-hoverbutton-item-container"
      >
        <svg
          aria-labelledby="Top"
          class="nut-icon nut-icon-Top "
          role="presentation"
          viewBox="0 0 44 44"
          xmlns="http://www.w3.org/2000/svg"
        >
          <path
            d="M43.042 18.666a.6.6 0 0 1 .062.846l-1.506 1.743a.6.6 0 0 1-.846.062L23.753 6.64V42.9a.6.6 0 0 1-.6.599H20.85a.6.6 0 0 1-.6-.6V6.64L3.25 21.318a.6.6 0 0 1-.846-.062L.898 19.512a.6.6 0 0 1 .062-.846L22.001.5z"
            fill="currentColor"
          />
        </svg>
        <div
          style="font-size: 12px;"
        >
          顶部
        </div>
      </div>
    </div>
    <div
      class="nut-safe-area nut-safe-area-position-bottom"
    />
  </div>
</div>
`;
