// Vitest Snapshot v1, https://vitest.dev/guide/snapshot.html

exports[`replace Loading icons with Star 1`] = `
"import { ArrowSize6 as Arrow } from "@nutui/icons-react";
import { Loading1 } from "@nutui/icons-react";
import { Star as Loading } from "@test/aa";
const ReplaceOne = () => {
  return /*#__PURE__*/React.createElement(React.Fragment, null, /*#__PURE__*/React.createElement(Loading, null), " ", /*#__PURE__*/React.createElement(Arrow, null));
};"
`;
