// Vitest Snapshot v1, https://vitest.dev/guide/snapshot.html

exports[`align center test 1`] = `
<div>
  <div
    class="nut-noticebar"
  >
    <div
      class="nut-noticebar-box nut-noticebar-box-center"
    >
      <div
        class="nut-noticebar-box-left-icon"
      >
        <svg
          aria-labelledby="Notice"
          class="nut-icon nut-icon-Notice "
          role="presentation"
          style="width: 16px; height: 16px;"
          viewBox="0 0 1024 1024"
          xmlns="http://www.w3.org/2000/svg"
        >
          <path
            d="M533.33 0C539.3 0 544 4.69 544 10.67v76.16c179.41 16.21 320 167.04 320 350.5v226.35c0 26.45 6.19 52.69 17.92 76.37l36.48 72.96c14.08 28.37-6.4 61.65-38.19 61.66H143.79c-31.79 0-52.27-33.28-38.19-61.66l36.48-72.96c11.95-23.68 17.92-49.92 17.92-76.37V437.33c0-183.68 140.59-334.29 320-350.5V10.67C480 4.7 484.69 0 490.67 0zM224 437.33v226.35c0 36.48-8.53 72.32-24.75 104.96l-21.12 42.03h667.74l-21.12-42.03C808.54 736 800 700.16 800 663.68V437.33c0-159.15-128.85-288-288-288s-288 128.85-288 288M394.67 960c-5.97 0-10.67 4.69-10.67 10.67v42.66c0 5.97 4.69 10.67 10.67 10.67h234.66c5.97 0 10.67-4.69 10.67-10.67v-42.66c0-5.97-4.69-10.67-10.67-10.67z"
            fill="currentColor"
          />
        </svg>
      </div>
      <div
        class="nut-noticebar-box-wrap"
      >
        <div
          class="nut-noticebar-box-wrap-content  nut-ellipsis"
          style="animation-delay: 1s; animation-duration: 0s; transform: translateX(0);"
        >
          NutUI 是京东风格的移动端组件库，使用 Vue 语言来编写可以在 H5，小程序平台上的应用，帮助研发人员提升开发效率，改善开发体验。
        </div>
      </div>
    </div>
  </div>
</div>
`;

exports[`noticebar base test 1`] = `
<div>
  <div
    class="nut-noticebar"
  >
    <div
      class="nut-noticebar-box nut-noticebar-box-left"
    >
      <div
        class="nut-noticebar-box-left-icon"
      >
        <svg
          aria-labelledby="Notice"
          class="nut-icon nut-icon-Notice "
          role="presentation"
          style="width: 16px; height: 16px;"
          viewBox="0 0 1024 1024"
          xmlns="http://www.w3.org/2000/svg"
        >
          <path
            d="M533.33 0C539.3 0 544 4.69 544 10.67v76.16c179.41 16.21 320 167.04 320 350.5v226.35c0 26.45 6.19 52.69 17.92 76.37l36.48 72.96c14.08 28.37-6.4 61.65-38.19 61.66H143.79c-31.79 0-52.27-33.28-38.19-61.66l36.48-72.96c11.95-23.68 17.92-49.92 17.92-76.37V437.33c0-183.68 140.59-334.29 320-350.5V10.67C480 4.7 484.69 0 490.67 0zM224 437.33v226.35c0 36.48-8.53 72.32-24.75 104.96l-21.12 42.03h667.74l-21.12-42.03C808.54 736 800 700.16 800 663.68V437.33c0-159.15-128.85-288-288-288s-288 128.85-288 288M394.67 960c-5.97 0-10.67 4.69-10.67 10.67v42.66c0 5.97 4.69 10.67 10.67 10.67h234.66c5.97 0 10.67-4.69 10.67-10.67v-42.66c0-5.97-4.69-10.67-10.67-10.67z"
            fill="currentColor"
          />
        </svg>
      </div>
      <div
        class="nut-noticebar-box-wrap"
      >
        <div
          class="nut-noticebar-box-wrap-content  "
          style="animation-delay: 1s; animation-duration: 0s; transform: translateX(0);"
        >
          NutUI 是京东风格的移动端组件库，使用 Vue 语言来编写可以在 H5，小程序平台上的应用，帮助研发人员提升开发效率，改善开发体验。
        </div>
      </div>
    </div>
  </div>
</div>
`;

exports[`scrollable test 1`] = `
<div>
  <div
    class="nut-noticebar"
  >
    <div
      class="nut-noticebar-box nut-noticebar-box-left"
    >
      <div
        class="nut-noticebar-box-left-icon"
      >
        <svg
          aria-labelledby="Notice"
          class="nut-icon nut-icon-Notice "
          role="presentation"
          style="width: 16px; height: 16px;"
          viewBox="0 0 1024 1024"
          xmlns="http://www.w3.org/2000/svg"
        >
          <path
            d="M533.33 0C539.3 0 544 4.69 544 10.67v76.16c179.41 16.21 320 167.04 320 350.5v226.35c0 26.45 6.19 52.69 17.92 76.37l36.48 72.96c14.08 28.37-6.4 61.65-38.19 61.66H143.79c-31.79 0-52.27-33.28-38.19-61.66l36.48-72.96c11.95-23.68 17.92-49.92 17.92-76.37V437.33c0-183.68 140.59-334.29 320-350.5V10.67C480 4.7 484.69 0 490.67 0zM224 437.33v226.35c0 36.48-8.53 72.32-24.75 104.96l-21.12 42.03h667.74l-21.12-42.03C808.54 736 800 700.16 800 663.68V437.33c0-159.15-128.85-288-288-288s-288 128.85-288 288M394.67 960c-5.97 0-10.67 4.69-10.67 10.67v42.66c0 5.97 4.69 10.67 10.67 10.67h234.66c5.97 0 10.67-4.69 10.67-10.67v-42.66c0-5.97-4.69-10.67-10.67-10.67z"
            fill="currentColor"
          />
        </svg>
      </div>
      <div
        class="nut-noticebar-box-wrap"
      >
        <div
          class="nut-noticebar-box-wrap-content  nut-ellipsis"
          style="animation-delay: 1s; animation-duration: 0s; transform: translateX(0);"
        >
          NutUI 是京东风格的移动端组件库，使用 Vue 语言来编写可以在 H5，小程序平台上的应用，帮助研发人员提升开发效率，改善开发体验。
        </div>
      </div>
    </div>
  </div>
</div>
`;
