// Vitest Snapshot v1, https://vitest.dev/guide/snapshot.html

exports[`should only render title 1`] = `"<div class="nut-tabbar"><div class="nut-tabbar-wrap"><div class="nut-tabbar-item nut-tabbar-item-active" style="color: blue;"><div class="nut-badge"><div class="nut-tabbar-item-icon-box nut-tabbar-item-icon-box-nav nut-tabbar-item-icon-box-large">首页</div><div class="nut-badge-sup nut-badge-number nut-badge-content" style="top: 0px; right: 5px;">11</div></div></div><div class="nut-tabbar-item" style="color: grey;"><div class="nut-badge"><div class="nut-tabbar-item-icon-box nut-tabbar-item-icon-box-nav nut-tabbar-item-icon-box-large">分类</div><div class="nut-badge-content" style="top: 0px; right: 5px;"></div></div></div><div class="nut-tabbar-item" style="color: grey;"><div class="nut-badge"><div class="nut-tabbar-item-icon-box nut-tabbar-item-icon-box-nav nut-tabbar-item-icon-box-large">逛</div><div class="nut-badge-content" style="top: 0px; right: 5px;"></div></div></div></div></div>"`;

exports[`should render fixed element when using bottom prop 1`] = `"<div class="nut-tabbar nut-tabbar-fixed"><div class="nut-tabbar-wrap"><div class="nut-tabbar-item nut-tabbar-item-active"><div class="nut-badge"><div class="nut-tabbar-item-icon-box"><svg class="nut-icon nut-icon-Home " style="width: 20px; height: 20px;" xmlns="http://www.w3.org/2000/svg" viewBox="0 0 48 48" aria-labelledby="Home" role="presentation"><path d="M.209 17.059 24 0l23.79 17.065a.5.5 0 0 1 .209.407v2.46a.5.5 0 0 1-.791.407l-2.208-1.584v19.242a8 8 0 0 1-8 8H11a8 8 0 0 1-8-8V18.749L.79 20.333A.5.5 0 0 1 0 19.926v-2.46a.5.5 0 0 1 .209-.407M24 3.692 6 16.598v21.399a5 5 0 0 0 5.001 5h26a5 5 0 0 0 5-5V16.603zm-4.939 21.447a.527.527 0 0 0-.718.011l-1.415 1.414a.48.48 0 0 0 .01.7c3.998 3.64 10.127 3.64 14.124 0a.48.48 0 0 0 .009-.7l-1.415-1.414a.527.527 0 0 0-.719-.011 7.5 7.5 0 0 1-9.876 0" fill="currentColor" fill-opacity="0.9"></path></svg></div><div class="nut-badge-content" style="top: 0px; right: 5px;"></div></div><div class="nut-tabbar-item-icon-box nut-tabbar-item-icon-box-nav">首页</div></div><div class="nut-tabbar-item"><div class="nut-badge"><div class="nut-tabbar-item-icon-box"><svg class="nut-icon nut-icon-Category " style="width: 20px; height: 20px;" xmlns="http://www.w3.org/2000/svg" viewBox="0 0 1024 1024" aria-labelledby="Category" role="presentation"><path d="M85.33 138.67V96c0-5.97 4.69-10.67 10.67-10.67h832c5.97 0 10.67 4.69 10.67 10.67v42.67c0 5.97-4.69 10.67-10.67 10.66H96c-5.97 0-10.67-4.69-10.67-10.66m0 394.66v-42.66C85.33 484.7 90.02 480 96 480h832c5.97 0 10.67 4.69 10.67 10.67v42.66c0 5.97-4.69 10.67-10.67 10.67H96c-5.97 0-10.67-4.69-10.67-10.67M928 874.67c5.97 0 10.67 4.69 10.67 10.66V928c0 5.97-4.69 10.67-10.67 10.67H96c-5.97 0-10.67-4.69-10.67-10.67v-42.67c0-5.97 4.69-10.67 10.67-10.66z" fill="currentColor" fill-opacity="0.9"></path></svg></div><div class="nut-badge-content" style="top: 0px; right: 5px;"></div></div><div class="nut-tabbar-item-icon-box nut-tabbar-item-icon-box-nav">分类</div></div></div><div class="nut-tabbar-safe-area"></div></div>"`;
