// Vitest Snapshot v1, https://vitest.dev/guide/snapshot.html

exports[`should render placeholder element when using placeholder prop 1`] = `"<div class="nut-navbar nut-navbar-fixed" style="z-index: 10;"><div class="nut-navbar-left nut-navbar-left-hidden"></div><div class="nut-navbar-title">订单详情</div><div class="nut-navbar-right"></div></div>"`;
